// 重构日志: 846e4101
// 重构日志: 3c968535
// 重构日志: 758243d8
// 同步 ID: 7aa79505 @ Fri Jul 31 08:06:51 UTC 2026
// 同步 ID: 8bbb1536 @ Fri Jul 31 10:22:22 UTC 2026
// 同步 ID: aad73833 @ Fri Jul 31 14:53:57 UTC 2026
// 重构日志: b2d9be88
// 同步 ID: 89ac8cce @ Sat Aug  1 04:34:57 UTC 2026
// 重构日志: 2dcf264d
// 重构日志: 6b861467
// 重构日志: 8629cf81
// 同步 ID: 78c1ab0f @ Sat Aug  1 17:19:40 UTC 2026
// 重构日志: fed4b745
// 重构日志: 9c3a11b1
// 重构日志: 9d2634c6
// 同步 ID: 87000e24 @ Sun Aug  2 14:41:13 UTC 2026
// 重构日志: 047f1666
// 同步 ID: dd959523 @ Mon Aug  3 00:31:05 UTC 2026
// 同步 ID: 394fad78 @ Mon Aug  3 08:29:43 UTC 2026
// 同步 ID: de4036c5 @ Mon Aug  3 15:56:22 UTC 2026
// 重构日志: 7266afdb
// 重构日志: 5cd5de5a
// 同步 ID: 906b7501 @ Tue Aug  4 00:18:37 UTC 2026
// 同步 ID: 18e5caf0 @ Tue Aug  4 13:03:10 UTC 2026
// 同步 ID: bf7fa2ec @ Wed Aug  5 07:41:42 UTC 2026
// 同步 ID: 7c7c182b @ Fri Aug  7 00:57:24 UTC 2026
// 重构日志: 6fdeb6a8
// 同步 ID: bc0be0e2 @ Fri Aug  7 11:10:54 UTC 2026
// 重构日志: 351d5e21
// 同步 ID: bd69e11b @ Fri Aug  7 15:12:42 UTC 2026
